Release 14.7 - xst P.20131013 (nt64)
Copyright (c) 1995-2013 Xilinx, Inc.  All rights reserved.
--> Parameter TMPDIR set to xst/projnav.tmp


Total REAL time to Xst completion: 0.00 secs
Total CPU time to Xst completion: 0.06 secs
 
--> Parameter xsthdpdir set to xst


Total REAL time to Xst completion: 0.00 secs
Total CPU time to Xst completion: 0.06 secs
 
--> Reading design: pc_one.prj

TABLE OF CONTENTS
  1) Synthesis Options Summary
  2) HDL Parsing
  3) HDL Elaboration
  4) HDL Synthesis
       4.1) HDL Synthesis Report
  5) Advanced HDL Synthesis
       5.1) Advanced HDL Synthesis Report
  6) Low Level Synthesis
  7) Partition Report
  8) Design Summary
       8.1) Primitive and Black Box Usage
       8.2) Device utilization summary
       8.3) Partition Resource Summary
       8.4) Timing Report
            8.4.1) Clock Information
            8.4.2) Asynchronous Control Signals Information
            8.4.3) Timing Summary
            8.4.4) Timing Details
            8.4.5) Cross Clock Domains Report


=========================================================================
*                      Synthesis Options Summary                        *
=========================================================================
---- Source Parameters
Input File Name                    : "pc_one.prj"
Ignore Synthesis Constraint File   : NO

---- Target Parameters
Output File Name                   : "pc_one"
Output Format                      : NGC
Target Device                      : xc6slx16-3-csg324

---- Source Options
Top Module Name                    : pc_one
Automatic FSM Extraction           : YES
FSM Encoding Algorithm             : Auto
Safe Implementation                : No
FSM Style                          : LUT
RAM Extraction                     : Yes
RAM Style                          : Auto
ROM Extraction                     : Yes
Shift Register Extraction          : YES
ROM Style                          : Auto
Resource Sharing                   : YES
Asynchronous To Synchronous        : NO
Shift Register Minimum Size        : 2
Use DSP Block                      : Auto
Automatic Register Balancing       : No

---- Target Options
LUT Combining                      : Auto
Reduce Control Sets                : Auto
Add IO Buffers                     : YES
Global Maximum Fanout              : 100000
Add Generic Clock Buffer(BUFG)     : 16
Register Duplication               : YES
Optimize Instantiated Primitives   : NO
Use Clock Enable                   : Auto
Use Synchronous Set                : Auto
Use Synchronous Reset              : Auto
Pack IO Registers into IOBs        : Auto
Equivalent register Removal        : YES

---- General Options
Optimization Goal                  : Speed
Optimization Effort                : 1
Power Reduction                    : NO
Keep Hierarchy                     : No
Netlist Hierarchy                  : As_Optimized
RTL Output                         : Yes
Global Optimization                : AllClockNets
Read Cores                         : YES
Write Timing Constraints           : NO
Cross Clock Analysis               : NO
Hierarchy Separator                : /
Bus Delimiter                      : <>
Case Specifier                     : Maintain
Slice Utilization Ratio            : 100
BRAM Utilization Ratio             : 100
DSP48 Utilization Ratio            : 100
Auto BRAM Packing                  : NO
Slice Utilization Ratio Delta      : 5

=========================================================================


=========================================================================
*                          HDL Parsing                                  *
=========================================================================
Analyzing Verilog file "D:\git-clones\pc-one\hardware\single_cycle_rv32i_core\sign_ext_12_to_32.v" into library work
Parsing module <sign_ext_12_to_32>.
Analyzing Verilog file "D:\git-clones\pc-one\hardware\single_cycle_rv32i_core\register_file.v" into library work
Parsing module <reg_file>.
Analyzing Verilog file "D:\git-clones\pc-one\hardware\single_cycle_rv32i_core\pc_src_control.v" into library work
Parsing module <pc_src_control>.
Analyzing Verilog file "D:\git-clones\pc-one\hardware\single_cycle_rv32i_core\pc.v" into library work
Parsing module <pc>.
Analyzing Verilog file "D:\git-clones\pc-one\hardware\single_cycle_rv32i_core\mux_5X1.v" into library work
Parsing module <mux_5x1>.
Analyzing Verilog file "D:\git-clones\pc-one\hardware\single_cycle_rv32i_core\mux_4X1.v" into library work
Parsing module <mux_4X1>.
Analyzing Verilog file "D:\git-clones\pc-one\hardware\single_cycle_rv32i_core\main_alu.v" into library work
Parsing module <main_alu>.
Analyzing Verilog file "D:\git-clones\pc-one\hardware\single_cycle_rv32i_core\control_unit.v" into library work
Parsing module <control_unit>.
Analyzing Verilog file "D:\git-clones\pc-one\hardware\single_cycle_rv32i_core\alu_control.v" into library work
Parsing module <alu_control>.
Analyzing Verilog file "D:\git-clones\pc-one\hardware\single_cycle_rv32i_core\adder32.v" into library work
Parsing module <adder32>.
Analyzing Verilog file "D:\git-clones\pc-one\hardware\UART\uart_tx.v" into library work
Parsing module <uart_tx>.
Analyzing Verilog file "D:\git-clones\pc-one\hardware\single_cycle_rv32i_core\core.v" into library work
Parsing module <core>.
Analyzing Verilog file "D:\git-clones\pc-one\hardware\RAMs\ram_16KB.v" into library work
Parsing module <ram_16KB>.
Analyzing Verilog file "D:\git-clones\pc-one\hardware\MMU\MMU.v" into library work
Parsing module <MMU>.
Analyzing Verilog file "D:\git-clones\pc-one\hardware\pc_one\pc_one.v" into library work
Parsing module <pc_one>.

=========================================================================
*                            HDL Elaboration                            *
=========================================================================

Elaborating module <pc_one>.

Elaborating module <MMU>.

Elaborating module <core>.

Elaborating module <pc>.

Elaborating module <sign_ext_12_to_32>.

Elaborating module <control_unit>.

Elaborating module <alu_control>.

Elaborating module <pc_src_control>.

Elaborating module <reg_file>.

Elaborating module <mux_4X1>.

Elaborating module <main_alu>.

Elaborating module <adder32>.

Elaborating module <mux_5x1>.

Elaborating module <ram_16KB>.

Elaborating module <uart_tx>.

=========================================================================
*                           HDL Synthesis                               *
=========================================================================

Synthesizing Unit <pc_one>.
    Related source file is "D:\git-clones\pc-one\hardware\pc_one\pc_one.v".
    Summary:
	no macro.
Unit <pc_one> synthesized.

Synthesizing Unit <MMU>.
    Related source file is "D:\git-clones\pc-one\hardware\MMU\MMU.v".
    Found 32-bit comparator lessequal for signal <n0000> created at line 15
    Summary:
	inferred   1 Comparator(s).
	inferred   3 Multiplexer(s).
Unit <MMU> synthesized.

Synthesizing Unit <core>.
    Related source file is "D:\git-clones\pc-one\hardware\single_cycle_rv32i_core\core.v".
    Summary:
	no macro.
Unit <core> synthesized.

Synthesizing Unit <pc>.
    Related source file is "D:\git-clones\pc-one\hardware\single_cycle_rv32i_core\pc.v".
    Found 32-bit register for signal <pc_value>.
    Summary:
	inferred  32 D-type flip-flop(s).
Unit <pc> synthesized.

Synthesizing Unit <sign_ext_12_to_32>.
    Related source file is "D:\git-clones\pc-one\hardware\single_cycle_rv32i_core\sign_ext_12_to_32.v".
WARNING:Xst:647 - Input <instruction<6:0>> is never used. This port will be preserved and left unconnected if it belongs to a top-level block or it belongs to a sub-block and the hierarchy of this sub-block is preserved.
    Summary:
	no macro.
Unit <sign_ext_12_to_32> synthesized.

Synthesizing Unit <control_unit>.
    Related source file is "D:\git-clones\pc-one\hardware\single_cycle_rv32i_core\control_unit.v".
    Summary:
	no macro.
Unit <control_unit> synthesized.

Synthesizing Unit <alu_control>.
    Related source file is "D:\git-clones\pc-one\hardware\single_cycle_rv32i_core\alu_control.v".
WARNING:Xst:647 - Input <fun7<4:0>> is never used. This port will be preserved and left unconnected if it belongs to a top-level block or it belongs to a sub-block and the hierarchy of this sub-block is preserved.
WARNING:Xst:647 - Input <fun7<6:6>> is never used. This port will be preserved and left unconnected if it belongs to a top-level block or it belongs to a sub-block and the hierarchy of this sub-block is preserved.
    Found 4-bit 4-to-1 multiplexer for signal <out> created at line 59.
    Summary:
	inferred   2 Multiplexer(s).
Unit <alu_control> synthesized.

Synthesizing Unit <pc_src_control>.
    Related source file is "D:\git-clones\pc-one\hardware\single_cycle_rv32i_core\pc_src_control.v".
    Summary:
	inferred   2 Multiplexer(s).
Unit <pc_src_control> synthesized.

Synthesizing Unit <reg_file>.
    Related source file is "D:\git-clones\pc-one\hardware\single_cycle_rv32i_core\register_file.v".
WARNING:Xst:647 - Input <dest_reg> is never used. This port will be preserved and left unconnected if it belongs to a top-level block or it belongs to a sub-block and the hierarchy of this sub-block is preserved.
WARNING:Xst:647 - Input <reg_write_data> is never used. This port will be preserved and left unconnected if it belongs to a top-level block or it belongs to a sub-block and the hierarchy of this sub-block is preserved.
WARNING:Xst:647 - Input <clk> is never used. This port will be preserved and left unconnected if it belongs to a top-level block or it belongs to a sub-block and the hierarchy of this sub-block is preserved.
WARNING:Xst:647 - Input <reg_write_control> is never used. This port will be preserved and left unconnected if it belongs to a top-level block or it belongs to a sub-block and the hierarchy of this sub-block is preserved.
    Summary:
	no macro.
Unit <reg_file> synthesized.

Synthesizing Unit <mux_4X1>.
    Related source file is "D:\git-clones\pc-one\hardware\single_cycle_rv32i_core\mux_4X1.v".
    Found 32-bit 4-to-1 multiplexer for signal <out> created at line 13.
    Summary:
	inferred   1 Multiplexer(s).
Unit <mux_4X1> synthesized.

Synthesizing Unit <main_alu>.
    Related source file is "D:\git-clones\pc-one\hardware\single_cycle_rv32i_core\main_alu.v".
    Found 32-bit subtractor for signal <src1[31]_src2[31]_sub_4_OUT> created at line 37.
    Found 32-bit adder for signal <src1[31]_src2[31]_add_2_OUT> created at line 36.
    Found 32-bit shifter logical left for signal <src1[31]_src2[4]_shift_left_5_OUT> created at line 39
    Found 32-bit shifter logical right for signal <src1[31]_src2[4]_shift_right_10_OUT> created at line 42
    Found 32-bit shifter arithmetic right for signal <src1[31]_src2[4]_shift_right_11_OUT> created at line 43
    Found 32-bit 12-to-1 multiplexer for signal <out> created at line 33.
    Found 32-bit comparator greater for signal <src2[31]_src1[31]_LessThan_7_o> created at line 40
    Found 32-bit comparator greater for signal <src1[31]_src2[31]_LessThan_9_o> created at line 41
    Summary:
	inferred   1 Adder/Subtractor(s).
	inferred   2 Comparator(s).
	inferred  11 Multiplexer(s).
	inferred   3 Combinational logic shifter(s).
Unit <main_alu> synthesized.

Synthesizing Unit <adder32>.
    Related source file is "D:\git-clones\pc-one\hardware\single_cycle_rv32i_core\adder32.v".
    Found 32-bit adder for signal <out> created at line 13.
    Summary:
	inferred   1 Adder/Subtractor(s).
Unit <adder32> synthesized.

Synthesizing Unit <mux_5x1>.
    Related source file is "D:\git-clones\pc-one\hardware\single_cycle_rv32i_core\mux_5X1.v".
    Found 32-bit 7-to-1 multiplexer for signal <out> created at line 14.
    Summary:
	inferred   1 Multiplexer(s).
Unit <mux_5x1> synthesized.
